Last login: Mon Feb 21 09:36:45 on ttys000
erika@Ezequiels-MacBook-Pro ~ % cd documents/trybe/exercicios/fundamentos/bloco1
erika@Ezequiels-MacBook-Pro bloco1 % cd unix_tests
erika@Ezequiels-MacBook-Pro unix_tests %         
curl -o countries.txt "https://gist.githubusercontent.com/kalinchernev/486393efcca01623b18d/raw/daa24c9fea66afb7d68f8d69f0c4b8eeb9406e83/countries"
  % Total    % Received % Xferd  Average Speed   Time    Time     Time  Current
                                 Dload  Upload   Total   Spent    Left  Speed
100  1842  100  1842    0     0   3237      0 --:--:-- --:--:-- --:--:--  3237
erika@Ezequiels-MacBook-Pro unix_tests % ls countries.txt
countries.txt
erika@Ezequiels-MacBook-Pro unix_tests % less countries.txt

erika@Ezequiels-MacBook-Pro unix_tests % nl countries.txt
     1	Afghanistan
     2	Albania
     3	Algeria
     4	Andorra
     5	Angola
     6	Antigua & Deps
     7	Argentina
     8	Armenia
     9	Australia
    10	Austria
    11	Azerbaijan
    12	Bahamas
    13	Bahrain
    14	Bangladesh
    15	Barbados
    16	Belarus
    17	Belgium
    18	Belize
    19	Benin
    20	Bhutan
    21	Bolivia
    22	Bosnia Herzegovina
    23	Botswana
    24	Brazil
    25	Brunei
    26	Bulgaria
    27	Burkina
    28	Burundi
    29	Cambodia
    30	Cameroon
    31	Canada
    32	Cape Verde
    33	Central African Rep
    34	Chad
    35	Chile
    36	China
    37	Colombia
    38	Comoros
    39	Congo
    40	Congo {Democratic Rep}
    41	Costa Rica
    42	Croatia
    43	Cuba
    44	Cyprus
    45	Czech Republic
    46	Denmark
    47	Djibouti
    48	Dominica
    49	Dominican Republic
    50	East Timor
    51	Ecuador
    52	Egypt
    53	El Salvador
    54	Equatorial Guinea
    55	Eritrea
    56	Estonia
    57	Ethiopia
    58	Fiji
    59	Finland
    60	France
    61	Gabon
    62	Gambia
    63	Georgia
    64	Germany
    65	Ghana
    66	Greece
    67	Grenada
    68	Guatemala
    69	Guinea
    70	Guinea-Bissau
    71	Guyana
    72	Haiti
    73	Honduras
    74	Hungary
    75	Iceland
    76	India
    77	Indonesia
    78	Iran
    79	Iraq
    80	Ireland {Republic}
    81	Israel
    82	Italy
    83	Ivory Coast
    84	Jamaica
    85	Japan
    86	Jordan
    87	Kazakhstan
    88	Kenya
    89	Kiribati
    90	Korea North
    91	Korea South
    92	Kosovo
    93	Kuwait
    94	Kyrgyzstan
    95	Laos
    96	Latvia
    97	Lebanon
    98	Lesotho
    99	Liberia
   100	Libya
   101	Liechtenstein
   102	Lithuania
   103	Luxembourg
   104	Macedonia
   105	Madagascar
   106	Malawi
   107	Malaysia
   108	Maldives
   109	Mali
   110	Malta
   111	Marshall Islands
   112	Mauritania
   113	Mauritius
   114	Mexico
   115	Micronesia
   116	Moldova
   117	Monaco
   118	Mongolia
   119	Montenegro
   120	Morocco
   121	Mozambique
   122	Myanmar, {Burma}
   123	Namibia
   124	Nauru
   125	Nepal
   126	Netherlands
   127	New Zealand
   128	Nicaragua
   129	Niger
   130	Nigeria
   131	Norway
   132	Oman
   133	Pakistan
   134	Palau
   135	Panama
   136	Papua New Guinea
   137	Paraguay
   138	Peru
   139	Philippines
   140	Poland
   141	Portugal
   142	Qatar
   143	Romania
   144	Russian Federation
   145	Rwanda
   146	St Kitts & Nevis
   147	St Lucia
   148	Saint Vincent & the Grenadines
   149	Samoa
   150	San Marino
   151	Sao Tome & Principe
   152	Saudi Arabia
   153	Senegal
   154	Serbia
   155	Seychelles
   156	Sierra Leone
   157	Singapore
   158	Slovakia
   159	Slovenia
   160	Solomon Islands
   161	Somalia
   162	South Africa
   163	South Sudan
   164	Spain
   165	Sri Lanka
   166	Sudan
   167	Suriname
   168	Swaziland
   169	Sweden
   170	Switzerland
   171	Syria
   172	Taiwan
   173	Tajikistan
   174	Tanzania
   175	Thailand
   176	Togo
   177	Tonga
   178	Trinidad & Tobago
   179	Tunisia
   180	Turkey
   181	Turkmenistan
   182	Tuvalu
   183	Uganda
   184	Ukraine
   185	United Arab Emirates
   186	United Kingdom
   187	United States
   188	Uruguay
   189	Uzbekistan
   190	Vanuatu
   191	Vatican City
   192	Venezuela
   193	Vietnam
   194	Yemen
   195	Zambia
   196	Zimbabwe%                                                               erika@Ezequiels-MacBook-Pro unix_tests % nl -1
nl: illegal option -- 1
usage: nl [-p] [-b type] [-d delim] [-f type] [-h type] [-i incr] [-l num]
          [-n format] [-s sep] [-v startnum] [-w width] [file]
erika@Ezequiels-MacBook-Pro unix_tests % nl -d 'zambia'
nl: invalid delim argument -- zambia
erika@Ezequiels-MacBook-Pro unix_tests % less -195
Missing filename ("less --help" for help)
erika@Ezequiels-MacBook-Pro unix_tests % less head -195
head: No such file or directory
-195: No such file or directory
erika@Ezequiels-MacBook-Pro unix_tests % less head -195 countries.txt
head: No such file or directory
-195: No such file or directory
erika@Ezequiels-MacBook-Pro unix_tests % tail -2 countries.txt
Zambia
Zimbabwe%                                                                       erika@Ezequiels-MacBook-Pro unix_tests % grep -c 'bra*' countris.txt
grep: countris.txt: No such file or directory
erika@Ezequiels-MacBook-Pro unix_tests % grep -c 'bra*' countries.txt
0
erika@Ezequiels-MacBook-Pro unix_tests % grep -c 'brazil' countries.txt 
0
erika@Ezequiels-MacBook-Pro unix_tests % grep Brazil countries.txt
Brazil
erika@Ezequiels-MacBook-Pro unix_tests % grep -c brazil

^C      
erika@Ezequiels-MacBook-Pro unix_tests % grep -c brazil countries.txt
0
erika@Ezequiels-MacBook-Pro unix_tests % grep -i brasil countries.txt
erika@Ezequiels-MacBook-Pro unix_tests % 
erika@Ezequiels-MacBook-Pro unix_tests % grep-i brasil countries.txt 
zsh: command not found: grep-i
erika@Ezequiels-MacBook-Pro unix_tests % grep-i brazil countries.txt 
zsh: command not found: grep-i
erika@Ezequiels-MacBook-Pro unix_tests % grep -i brazil countries.txt
Brazil
erika@Ezequiels-MacBook-Pro unix_tests % cat > phrases.txt
Amor é fogo que arde e não se vê
Vamo que vamo
Não tô sentindo nada
^C
erika@Ezequiels-MacBook-Pro unix_tests % grep -iv 'fox' phrases.txt
Amor é fogo que arde e não se vê
Vamo que vamo
Não tô sentindo nada
erika@Ezequiels-MacBook-Pro unix_tests % wc -l phrases.txt
       3 phrases.txt
erika@Ezequiels-MacBook-Pro unix_tests % touch empty.tbt empty.pdf
erika@Ezequiels-MacBook-Pro unix_tests % less
Missing filename ("less --help" for help)
erika@Ezequiels-MacBook-Pro unix_tests % ls  
countries.txt	empty.pdf	empty.tbt	phrases.txt
erika@Ezequiels-MacBook-Pro unix_tests % ls grep *.txt
ls: grep: No such file or directory
countries.txt	phrases.txt
erika@Ezequiels-MacBook-Pro unix_tests % grep *.tbt *.txt
erika@Ezequiels-MacBook-Pro unix_tests % grep .tbr .txt
grep: .txt: No such file or directory
erika@Ezequiels-MacBook-Pro unix_tests % ls .txt .tbt
ls: .tbt: No such file or directory
ls: .txt: No such file or directory
erika@Ezequiels-MacBook-Pro unix_tests % ls *.tbt *txt
countries.txt	empty.tbt	phrases.txt
erika@Ezequiels-MacBook-Pro unix_tests % ls option
ls: option: No such file or directory
erika@Ezequiels-MacBook-Pro unix_tests % man ls
erika@Ezequiels-MacBook-Pro unix_tests % 
