Last login: Mon Feb 21 09:32:20 on ttys000
erika@Ezequiels-MacBook-Pro ~ % cd documents/trybe/exercicios/bloco1/
cd: no such file or directory: documents/trybe/exercicios/bloco1/
erika@Ezequiels-MacBook-Pro ~ % cd documents/trybe/exercicios/bloco1
cd: no such file or directory: documents/trybe/exercicios/bloco1
erika@Ezequiels-MacBook-Pro ~ % cd documets/trybe/exercicios/fundamentos/bloco1
cd: no such file or directory: documets/trybe/exercicios/fundamentos/bloco1
erika@Ezequiels-MacBook-Pro ~ % cd documents/trybe/exercicios/fundamentos/bloco1
erika@Ezequiels-MacBook-Pro bloco1 % mkdir unix_tests
erika@Ezequiels-MacBook-Pro bloco1 % cd unix_tests      
erika@Ezequiels-MacBook-Pro unix_tests % cat trybe.txt
cat: trybe.txt: No such file or directory
erika@Ezequiels-MacBook-Pro unix_tests % touch trybe.txt
erika@Ezequiels-MacBook-Pro unix_tests % cp try.txt trybe_backup.txt
cp: try.txt: No such file or directory
erika@Ezequiels-MacBook-Pro unix_tests % cp trybe.txt trybe_backup.txt
erika@Ezequiels-MacBook-Pro unix_tests % ls 
trybe.txt		trybe_backup.txt
erika@Ezequiels-MacBook-Pro unix_tests % mv trybe.txt erika.txt
erika@Ezequiels-MacBook-Pro unix_tests % ls
erika.txt		trybe_backup.txt
erika@Ezequiels-MacBook-Pro unix_tests % mkdir backup | mv trybe_backup.txt backup
erika@Ezequiels-MacBook-Pro unix_tests % ls
backup		erika.txt
erika@Ezequiels-MacBook-Pro unix_tests % cd backup
erika@Ezequiels-MacBook-Pro backup % ls
trybe_backup.txt
erika@Ezequiels-MacBook-Pro backup % cd ..
erika@Ezequiels-MacBook-Pro unix_tests % mkdir backup2 | cd backup | trybe_backup.txt ../backup2
zsh: command not found: trybe_backup.txt
erika@Ezequiels-MacBook-Pro unix_tests % ls
backup		backup2		erika.txt
erika@Ezequiels-MacBook-Pro unix_tests % cd backup
erika@Ezequiels-MacBook-Pro backup % mv trybe_backup.txt /documents/trybe/exercicios/fundamentos/bloco1/unix_tests/backup2
mv: rename trybe_backup.txt to /documents/trybe/exercicios/fundamentos/bloco1/unix_tests/backup2: No such file or directory
erika@Ezequiels-MacBook-Pro backup % mv trybe_backup.txt ˜/documents/trybe/exercicios/fundamentos/bloco1/unix_tests/backup2
mv: rename trybe_backup.txt to ˜/documents/trybe/exercicios/fundamentos/bloco1/unix_tests/backup2: No such file or directory
erika@Ezequiels-MacBook-Pro backup % mv trybe_backup.txt ./documents/trybe/exercicios/fundamentos/bloco1/unix_tests/backup2
mv: rename trybe_backup.txt to ./documents/trybe/exercicios/fundamentos/bloco1/unix_tests/backup2: No such file or directory
erika@Ezequiels-MacBook-Pro backup % mv trybe_backup.txt ../backup2  
erika@Ezequiels-MacBook-Pro backup % ls ../backup2
trybe_backup.txt
erika@Ezequiels-MacBook-Pro backup % ls
erika@Ezequiels-MacBook-Pro backup % cd.. | rmdir backup
zsh: command not found: cd..
rmdir: backup: No such file or directory
erika@Ezequiels-MacBook-Pro backup % cd ..
erika@Ezequiels-MacBook-Pro unix_tests % emdir backup
zsh: command not found: emdir
erika@Ezequiels-MacBook-Pro unix_tests % rmdir backup
erika@Ezequiels-MacBook-Pro unix_tests % mv backup2 backup
erika@Ezequiels-MacBook-Pro unix_tests % pwd
/Users/erika/documents/trybe/exercicios/fundamentos/bloco1/unix_tests
erika@Ezequiels-MacBook-Pro unix_tests % ls ../backup     
ls: ../backup: No such file or directory
erika@Ezequiels-MacBook-Pro unix_tests % pwd backup
pwd: too many arguments
erika@Ezequiels-MacBook-Pro unix_tests % cd backup
erika@Ezequiels-MacBook-Pro backup % pwd
/Users/erika/documents/trybe/exercicios/fundamentos/bloco1/unix_tests/backup
erika@Ezequiels-MacBook-Pro backup % rm -rf ../backup
erika@Ezequiels-MacBook-Pro backup % cd ..
erika@Ezequiels-MacBook-Pro unix_tests % rm -rf backup
erika@Ezequiels-MacBook-Pro unix_tests % clear

erika@Ezequiels-MacBook-Pro unix_tests % cat > skills.txt
Internet
Unix
Bash
HTML
CSS
JavaScript
React
SQL
^C
erika@Ezequiels-MacBook-Pro unix_tests % 
erika@Ezequiels-MacBook-Pro unix_tests % head-5 skills.txt
zsh: command not found: head-5
erika@Ezequiels-MacBook-Pro unix_tests % head -5 skills.txt
Internet
Unix
Bash
HTML
CSS
erika@Ezequiels-MacBook-Pro unix_tests % tail -4 skills.txt
CSS
JavaScript
React
SQL
erika@Ezequiels-MacBook-Pro unix_tests % rm *.txt
erika@Ezequiels-MacBook-Pro unix_tests % ls
erika@Ezequiels-MacBook-Pro unix_tests % 
